Archive member included because of file (symbol)

C:\Raisonance\Ride\Lib\ARM\STM32x_io_putchar_thumb.a(STM32F10X_io_putchar.o)
                              (__io_putchar)
C:\Raisonance\Ride\Lib\ARM\std_sbrk_thumb.lib(write.o)
                              (_write)

Allocating common symbols
Common symbol       size              file

Switches            0x51              C:\Users\rosschisholm\Documents\Work\Sonar Launchpad\main\obj\surface.o
EventFlags          0x1               C:\Users\rosschisholm\Documents\Work\Sonar Launchpad\main\obj\surface.o
UsbTemp             0x40              C:\Users\rosschisholm\Documents\Work\Sonar Launchpad\cortex\cxm3_usb.o
DisplayBank         0x1               C:\Users\rosschisholm\Documents\Work\Sonar Launchpad\main\obj\surface.o
DataIn              0x21c             C:\Users\rosschisholm\Documents\Work\Sonar Launchpad\main\obj\midi.o
SurfaceOn           0x1               C:\Users\rosschisholm\Documents\Work\Sonar Launchpad\main\obj\surface.o
LedMasterValue      0x1f8             C:\Users\rosschisholm\Documents\Work\Sonar Launchpad\main\obj\surface.o
FlipBanks           0x1               C:\Users\rosschisholm\Documents\Work\Sonar Launchpad\main\obj\surface.o
UserByte            0x1               C:\Users\rosschisholm\Documents\Work\Sonar Launchpad\main\obj\midi.o
PrevDispBank        0x1               C:\Users\rosschisholm\Documents\Work\Sonar Launchpad\main\obj\surface.o
CurrentCol          0x1               C:\Users\rosschisholm\Documents\Work\Sonar Launchpad\main\obj\surface.o
Col                 0x1               C:\Users\rosschisholm\Documents\Work\Sonar Launchpad\main\obj\surface.o
RunningUpdate       0x1               C:\Users\rosschisholm\Documents\Work\Sonar Launchpad\main\obj\midi.o
RunningStatusCounter
                    0x1               C:\Users\rosschisholm\Documents\Work\Sonar Launchpad\main\obj\midi.o
AutomapButtonsHeld  0x1               C:\Users\rosschisholm\Documents\Work\Sonar Launchpad\main\obj\surface.o
USBParserToHst      0x8               C:\Users\rosschisholm\Documents\Work\Sonar Launchpad\main\obj\midi.o
Mode                0x1               C:\Users\rosschisholm\Documents\Work\Sonar Launchpad\main\obj\surface.o
Descriptor          0x4               C:\Users\rosschisholm\Documents\Work\Sonar Launchpad\cortex\cxm3_usb.o
MIDIToHst           0x102             C:\Users\rosschisholm\Documents\Work\Sonar Launchpad\cortex\cxm3_usb.o
TextLoop            0x1               C:\Users\rosschisholm\Documents\Work\Sonar Launchpad\main\obj\glob_textscroll.o
Challenge           0x4               C:\Users\rosschisholm\Documents\Work\Sonar Launchpad\main\obj\midi.o
LedValue            0x1f8             C:\Users\rosschisholm\Documents\Work\Sonar Launchpad\main\obj\surface.o
LedCounter          0xa8              C:\Users\rosschisholm\Documents\Work\Sonar Launchpad\main\obj\surface.o
NextRipple          0x1               C:\Users\rosschisholm\Documents\Work\Sonar Launchpad\main\obj\vegas.o
MIDIToDev           0x102             C:\Users\rosschisholm\Documents\Work\Sonar Launchpad\cortex\cxm3_usb.o
SwitchData          0xc               C:\Users\rosschisholm\Documents\Work\Sonar Launchpad\main\obj\surface.o
TextActive          0x1               C:\Users\rosschisholm\Documents\Work\Sonar Launchpad\main\obj\glob_textscroll.o
DelayToNextRipple   0x1               C:\Users\rosschisholm\Documents\Work\Sonar Launchpad\main\obj\vegas.o
LedData             0x7               C:\Users\rosschisholm\Documents\Work\Sonar Launchpad\main\obj\surface.o
Event               0x102             C:\Users\rosschisholm\Documents\Work\Sonar Launchpad\main\obj\sonar.o
CurrentKeyLayout    0x1               C:\Users\rosschisholm\Documents\Work\Sonar Launchpad\main\obj\surface.o
DataOut             0x21c             C:\Users\rosschisholm\Documents\Work\Sonar Launchpad\main\obj\midi.o
txfull              0x1               C:\Users\rosschisholm\Documents\Work\Sonar Launchpad\cortex\cxm3_usb.o
VegasActive         0x1               C:\Users\rosschisholm\Documents\Work\Sonar Launchpad\main\obj\surface.o
UpdateBank          0x1               C:\Users\rosschisholm\Documents\Work\Sonar Launchpad\main\obj\surface.o
ThisCharCol         0x1               C:\Users\rosschisholm\Documents\Work\Sonar Launchpad\main\obj\glob_textscroll.o
BrightBit           0x1               C:\Users\rosschisholm\Documents\Work\Sonar Launchpad\main\obj\surface.o
rxfull              0x1               C:\Users\rosschisholm\Documents\Work\Sonar Launchpad\cortex\cxm3_usb.o
USBParserToDev      0x18              C:\Users\rosschisholm\Documents\Work\Sonar Launchpad\main\obj\midi.o
ColOrder            0x1               C:\Users\rosschisholm\Documents\Work\Sonar Launchpad\main\obj\surface.o
Ripple_State        0xf               C:\Users\rosschisholm\Documents\Work\Sonar Launchpad\main\obj\vegas.o
ThisCharIndex       0x1               C:\Users\rosschisholm\Documents\Work\Sonar Launchpad\main\obj\glob_textscroll.o

Discarded input sections

 .text          0x00000000        0x0 C:\Users\rosschisholm\Documents\Work\Sonar Launchpad\main\obj\startup.o
 .data          0x00000000        0x0 C:\Users\rosschisholm\Documents\Work\Sonar Launchpad\main\obj\startup.o
 .bss           0x00000000        0x0 C:\Users\rosschisholm\Documents\Work\Sonar Launchpad\main\obj\startup.o
 .text          0x00000000        0x0 C:\Users\rosschisholm\Documents\Work\Sonar Launchpad\main\obj\glob_textscroll.o
 .bss           0x00000000        0x0 C:\Users\rosschisholm\Documents\Work\Sonar Launchpad\main\obj\glob_textscroll.o
 .text          0x00000000        0x0 C:\Users\rosschisholm\Documents\Work\Sonar Launchpad\main\obj\glob_font.o
 .data          0x00000000        0x0 C:\Users\rosschisholm\Documents\Work\Sonar Launchpad\main\obj\glob_font.o
 .bss           0x00000000        0x0 C:\Users\rosschisholm\Documents\Work\Sonar Launchpad\main\obj\glob_font.o
 .text          0x00000000        0x0 C:\Users\rosschisholm\Documents\Work\Sonar Launchpad\main\obj\glob_init.o
 .data          0x00000000        0x0 C:\Users\rosschisholm\Documents\Work\Sonar Launchpad\main\obj\glob_init.o
 .bss           0x00000000        0x0 C:\Users\rosschisholm\Documents\Work\Sonar Launchpad\main\obj\glob_init.o
 .text          0x00000000        0x0 C:\Users\rosschisholm\Documents\Work\Sonar Launchpad\main\obj\glob_scrollmap.o
 .data          0x00000000        0x0 C:\Users\rosschisholm\Documents\Work\Sonar Launchpad\main\obj\glob_scrollmap.o
 .bss           0x00000000        0x0 C:\Users\rosschisholm\Documents\Work\Sonar Launchpad\main\obj\glob_scrollmap.o
 .text          0x00000000        0x0 C:\Users\rosschisholm\Documents\Work\Sonar Launchpad\main\obj\glob_surfacemap.o
 .data          0x00000000        0x0 C:\Users\rosschisholm\Documents\Work\Sonar Launchpad\main\obj\glob_surfacemap.o
 .bss           0x00000000        0x0 C:\Users\rosschisholm\Documents\Work\Sonar Launchpad\main\obj\glob_surfacemap.o
 .text          0x00000000        0x0 C:\Users\rosschisholm\Documents\Work\Sonar Launchpad\main\obj\main.o
 .data          0x00000000        0x0 C:\Users\rosschisholm\Documents\Work\Sonar Launchpad\main\obj\main.o
 .bss           0x00000000        0x0 C:\Users\rosschisholm\Documents\Work\Sonar Launchpad\main\obj\main.o
 .text          0x00000000        0x0 C:\Users\rosschisholm\Documents\Work\Sonar Launchpad\main\obj\midi.o
 .bss           0x00000000        0x0 C:\Users\rosschisholm\Documents\Work\Sonar Launchpad\main\obj\midi.o
 .text          0x00000000        0x0 C:\Users\rosschisholm\Documents\Work\Sonar Launchpad\main\obj\sonar.o
 .data          0x00000000        0x0 C:\Users\rosschisholm\Documents\Work\Sonar Launchpad\main\obj\sonar.o
 .bss           0x00000000        0x0 C:\Users\rosschisholm\Documents\Work\Sonar Launchpad\main\obj\sonar.o
 .text          0x00000000        0x0 C:\Users\rosschisholm\Documents\Work\Sonar Launchpad\cortex\cx_fifo.o
 .data          0x00000000        0x0 C:\Users\rosschisholm\Documents\Work\Sonar Launchpad\cortex\cx_fifo.o
 .bss           0x00000000        0x0 C:\Users\rosschisholm\Documents\Work\Sonar Launchpad\cortex\cx_fifo.o
 .text.fifo_flush
                0x00000000        0xc C:\Users\rosschisholm\Documents\Work\Sonar Launchpad\cortex\cx_fifo.o
 .text.fifo_pop2
                0x00000000       0x1e C:\Users\rosschisholm\Documents\Work\Sonar Launchpad\cortex\cx_fifo.o
 .text          0x00000000        0x0 C:\Users\rosschisholm\Documents\Work\Sonar Launchpad\cortex\cx_midi_parser.o
 .data          0x00000000        0x0 C:\Users\rosschisholm\Documents\Work\Sonar Launchpad\cortex\cx_midi_parser.o
 .bss           0x00000000        0x0 C:\Users\rosschisholm\Documents\Work\Sonar Launchpad\cortex\cx_midi_parser.o
 .text.midi_parse_rx_sysex_test
                0x00000000       0x24 C:\Users\rosschisholm\Documents\Work\Sonar Launchpad\cortex\cx_midi_parser.o
 .text.midi_parse_tx_message
                0x00000000       0x64 C:\Users\rosschisholm\Documents\Work\Sonar Launchpad\cortex\cx_midi_parser.o
 .text.midi_parse_rx_byte_stream
                0x00000000       0x20 C:\Users\rosschisholm\Documents\Work\Sonar Launchpad\cortex\cx_midi_parser.o
 .text.midi_parse_rx_byte_buffer
                0x00000000       0x1a C:\Users\rosschisholm\Documents\Work\Sonar Launchpad\cortex\cx_midi_parser.o
 .text          0x00000000        0x0 C:\Users\rosschisholm\Documents\Work\Sonar Launchpad\cortex\cx_switch.o
 .data          0x00000000        0x0 C:\Users\rosschisholm\Documents\Work\Sonar Launchpad\cortex\cx_switch.o
 .bss           0x00000000        0x0 C:\Users\rosschisholm\Documents\Work\Sonar Launchpad\cortex\cx_switch.o
 .text.switch_multi_decode
                0x00000000       0x2c C:\Users\rosschisholm\Documents\Work\Sonar Launchpad\cortex\cx_switch.o
 .text.switch_multi_init
                0x00000000        0x8 C:\Users\rosschisholm\Documents\Work\Sonar Launchpad\cortex\cx_switch.o
 .text.switch_multi
                0x00000000       0x40 C:\Users\rosschisholm\Documents\Work\Sonar Launchpad\cortex\cx_switch.o
 .text          0x00000000        0x0 C:\Users\rosschisholm\Documents\Work\Sonar Launchpad\cortex\cxm3_dual_boot.o
 .data          0x00000000        0x0 C:\Users\rosschisholm\Documents\Work\Sonar Launchpad\cortex\cxm3_dual_boot.o
 .bss           0x00000000        0x0 C:\Users\rosschisholm\Documents\Work\Sonar Launchpad\cortex\cxm3_dual_boot.o
 .text.dual_boot_restart_normally
                0x00000000       0x10 C:\Users\rosschisholm\Documents\Work\Sonar Launchpad\cortex\cxm3_dual_boot.o
 .text.dual_boot_run_main_firmware
                0x00000000       0x40 C:\Users\rosschisholm\Documents\Work\Sonar Launchpad\cortex\cxm3_dual_boot.o
 .text.SevenToEight
                0x00000000       0x54 C:\Users\rosschisholm\Documents\Work\Sonar Launchpad\cortex\cxm3_dual_boot.o
 .text.EightToSeven
                0x00000000       0x66 C:\Users\rosschisholm\Documents\Work\Sonar Launchpad\cortex\cxm3_dual_boot.o
 .text.dual_boot_main_present
                0x00000000       0x1c C:\Users\rosschisholm\Documents\Work\Sonar Launchpad\cortex\cxm3_dual_boot.o
 .text.dual_boot_forced_bootloader
                0x00000000       0x10 C:\Users\rosschisholm\Documents\Work\Sonar Launchpad\cortex\cxm3_dual_boot.o
 .text.GetVersionBCD
                0x00000000       0x18 C:\Users\rosschisholm\Documents\Work\Sonar Launchpad\cortex\cxm3_dual_boot.o
 .text.VersionToDecimal
                0x00000000       0x24 C:\Users\rosschisholm\Documents\Work\Sonar Launchpad\cortex\cxm3_dual_boot.o
 .text.VersionToString
                0x00000000       0x40 C:\Users\rosschisholm\Documents\Work\Sonar Launchpad\cortex\cxm3_dual_boot.o
 .text.dual_boot_get_version
                0x00000000        0xe C:\Users\rosschisholm\Documents\Work\Sonar Launchpad\cortex\cxm3_dual_boot.o
 .text.dual_boot_get_version_string
                0x00000000       0x16 C:\Users\rosschisholm\Documents\Work\Sonar Launchpad\cortex\cxm3_dual_boot.o
 .text.dual_boot_get_purpose
                0x00000000       0x24 C:\Users\rosschisholm\Documents\Work\Sonar Launchpad\cortex\cxm3_dual_boot.o
 .text          0x00000000        0x0 C:\Users\rosschisholm\Documents\Work\Sonar Launchpad\cortex\cxm3_flash.o
 .data          0x00000000        0x0 C:\Users\rosschisholm\Documents\Work\Sonar Launchpad\cortex\cxm3_flash.o
 .bss           0x00000000        0x0 C:\Users\rosschisholm\Documents\Work\Sonar Launchpad\cortex\cxm3_flash.o
 .text.flash_unlock
                0x00000000       0x18 C:\Users\rosschisholm\Documents\Work\Sonar Launchpad\cortex\cxm3_flash.o
 .text.flash_erase_page
                0x00000000       0x2c C:\Users\rosschisholm\Documents\Work\Sonar Launchpad\cortex\cxm3_flash.o
 .text.flash_program
                0x00000000       0x20 C:\Users\rosschisholm\Documents\Work\Sonar Launchpad\cortex\cxm3_flash.o
 .text          0x00000000        0x0 C:\Users\rosschisholm\Documents\Work\Sonar Launchpad\cortex\cxm3_usb.o
 .text.usb_ep4_rx
                0x00000000       0x2c C:\Users\rosschisholm\Documents\Work\Sonar Launchpad\cortex\cxm3_usb.o
 .text.usb_err  0x00000000        0x2 C:\Users\rosschisholm\Documents\Work\Sonar Launchpad\cortex\cxm3_usb.o
 .text          0x00000000        0x0 C:\Users\rosschisholm\Documents\Work\Sonar Launchpad\main\obj\startup.o
 .data          0x00000000        0x0 C:\Users\rosschisholm\Documents\Work\Sonar Launchpad\main\obj\startup.o
 .bss           0x00000000        0x0 C:\Users\rosschisholm\Documents\Work\Sonar Launchpad\main\obj\startup.o
 .text.Default_Handler
                0x00000000        0x2 C:\Users\rosschisholm\Documents\Work\Sonar Launchpad\main\obj\startup.o
 .text          0x00000000        0x0 C:\Users\rosschisholm\Documents\Work\Sonar Launchpad\main\obj\deviceid.o
 .bss           0x00000000        0x0 C:\Users\rosschisholm\Documents\Work\Sonar Launchpad\main\obj\deviceid.o
 .text          0x00000000        0x0 C:\Users\rosschisholm\Documents\Work\Sonar Launchpad\main\obj\vegas.o
 .data          0x00000000        0x0 C:\Users\rosschisholm\Documents\Work\Sonar Launchpad\main\obj\vegas.o
 .bss           0x00000000        0x0 C:\Users\rosschisholm\Documents\Work\Sonar Launchpad\main\obj\vegas.o
 .text          0x00000000        0x0 C:\Users\rosschisholm\Documents\Work\Sonar Launchpad\main\obj\surface.o
 .text.Surface7bitLED
                0x00000000       0x9c C:\Users\rosschisholm\Documents\Work\Sonar Launchpad\main\obj\surface.o
 .text          0x00000000        0x0 C:\Raisonance\Ride\Lib\ARM\STM32x_io_putchar_thumb.a(STM32F10X_io_putchar.o)
 .data          0x00000000        0x0 C:\Raisonance\Ride\Lib\ARM\STM32x_io_putchar_thumb.a(STM32F10X_io_putchar.o)
 .bss           0x00000000        0x0 C:\Raisonance\Ride\Lib\ARM\STM32x_io_putchar_thumb.a(STM32F10X_io_putchar.o)
 .text.__io_init
                0x00000000       0x94 C:\Raisonance\Ride\Lib\ARM\STM32x_io_putchar_thumb.a(STM32F10X_io_putchar.o)
 .text.__io_getchar
                0x00000000       0xb4 C:\Raisonance\Ride\Lib\ARM\STM32x_io_putchar_thumb.a(STM32F10X_io_putchar.o)
 .text.getchar  0x00000000       0xb4 C:\Raisonance\Ride\Lib\ARM\STM32x_io_putchar_thumb.a(STM32F10X_io_putchar.o)
 .text.putchar  0x00000000       0xd4 C:\Raisonance\Ride\Lib\ARM\STM32x_io_putchar_thumb.a(STM32F10X_io_putchar.o)
 .text          0x00000000        0x0 C:\Raisonance\Ride\Lib\ARM\std_sbrk_thumb.lib(write.o)
 .data          0x00000000        0x0 C:\Raisonance\Ride\Lib\ARM\std_sbrk_thumb.lib(write.o)
 .bss           0x00000000        0x0 C:\Raisonance\Ride\Lib\ARM\std_sbrk_thumb.lib(write.o)

Memory Configuration

Name             Origin             Length             Attributes
FLASH            0x08000000         0x00010000         xr
RAM              0x20000000         0x00005000         xrw
*default*        0x00000000         0xffffffff

Linker script and memory map

LOAD C:\Users\rosschisholm\Documents\Work\Sonar Launchpad\main\obj\startup.o
LOAD C:\Users\rosschisholm\Documents\Work\Sonar Launchpad\main\obj\glob_textscroll.o
LOAD C:\Users\rosschisholm\Documents\Work\Sonar Launchpad\main\obj\glob_font.o
LOAD C:\Users\rosschisholm\Documents\Work\Sonar Launchpad\main\obj\glob_init.o
LOAD C:\Users\rosschisholm\Documents\Work\Sonar Launchpad\main\obj\glob_scrollmap.o
LOAD C:\Users\rosschisholm\Documents\Work\Sonar Launchpad\main\obj\glob_surfacemap.o
LOAD C:\Users\rosschisholm\Documents\Work\Sonar Launchpad\main\obj\main.o
LOAD C:\Users\rosschisholm\Documents\Work\Sonar Launchpad\main\obj\midi.o
LOAD C:\Users\rosschisholm\Documents\Work\Sonar Launchpad\main\obj\sonar.o
LOAD C:\Users\rosschisholm\Documents\Work\Sonar Launchpad\cortex\cx_fifo.o
LOAD C:\Users\rosschisholm\Documents\Work\Sonar Launchpad\cortex\cx_midi_parser.o
LOAD C:\Users\rosschisholm\Documents\Work\Sonar Launchpad\cortex\cx_switch.o
LOAD C:\Users\rosschisholm\Documents\Work\Sonar Launchpad\cortex\cxm3_dual_boot.o
LOAD C:\Users\rosschisholm\Documents\Work\Sonar Launchpad\cortex\cxm3_flash.o
LOAD C:\Users\rosschisholm\Documents\Work\Sonar Launchpad\cortex\cxm3_usb.o
LOAD C:\Users\rosschisholm\Documents\Work\Sonar Launchpad\main\obj\startup.o
LOAD C:\Users\rosschisholm\Documents\Work\Sonar Launchpad\main\obj\deviceid.o
LOAD C:\Users\rosschisholm\Documents\Work\Sonar Launchpad\main\obj\vegas.o
LOAD C:\Users\rosschisholm\Documents\Work\Sonar Launchpad\main\obj\surface.o
START GROUP
LOAD C:\Raisonance\Ride\Lib\ARM\STM32x_io_putchar_thumb.a
LOAD C:\Raisonance\Ride\Lib\ARM\std_sbrk_thumb.lib
LOAD C:\Raisonance\Ride\Lib\ARM\smallprintf_thumb.a
LOAD c:/raisonance/ride/arm-gcc/bin/../lib/gcc/arm-none-eabi/4.5.2/../../../../arm-none-eabi/lib/thumb2\libc.a
LOAD c:/raisonance/ride/arm-gcc/bin/../lib/gcc/arm-none-eabi/4.5.2/../../../../arm-none-eabi/lib/thumb2\libm.a
END GROUP
                0x00000400                __Stack_Size = 0x400
                0x20004c00                __Stack_Init = (_estack - __Stack_Size)
                0x00000100                _Minimum_Stack_Size = 0x100
                0x20005000                _estack = 0x20005000

.isr_vector     0x08000000      0x270
                0x08000000                . = ALIGN (0x4)
 *(.isr_vector)
 .isr_vector    0x08000000      0x138 C:\Users\rosschisholm\Documents\Work\Sonar Launchpad\main\obj\startup.o
 .isr_vector    0x08000138      0x138 C:\Users\rosschisholm\Documents\Work\Sonar Launchpad\main\obj\startup.o
                0x08000270                . = ALIGN (0x4)

.text           0x08000270     0x2ff0
                0x08000270                . = ALIGN (0x4)
 *(.text)
 *(.text.*)
 .text.Reset_Handler
                0x08000270       0x48 C:\Users\rosschisholm\Documents\Work\Sonar Launchpad\main\obj\startup.o
 .text.Default_Handler
                0x080002b8        0x2 C:\Users\rosschisholm\Documents\Work\Sonar Launchpad\main\obj\startup.o
                0x080002b8                EXTI2_IRQHandler
                0x080002b8                TIM8_TRG_COM_IRQHandler
                0x080002b8                TIM8_CC_IRQHandler
                0x080002b8                DebugMon_Handler
                0x080002b8                TIM1_CC_IRQHandler
                0x080002b8                HardFault_Handler
                0x080002b8                TIM6_IRQHandler
                0x080002b8                SysTick_Handler
                0x080002b8                PVD_IRQHandler
                0x080002b8                SDIO_IRQHandler
                0x080002b8                PendSV_Handler
                0x080002b8                NMI_Handler
                0x080002b8                EXTI3_IRQHandler
                0x080002b8                EXTI0_IRQHandler
                0x080002b8                UsageFault_Handler
                0x080002b8                ADC1_2_IRQHandler
                0x080002b8                SPI1_IRQHandler
                0x080002b8                TAMPER_IRQHandler
                0x080002b8                TIM8_UP_IRQHandler
                0x080002b8                DMA2_Channel2_IRQHandler
                0x080002b8                DMA1_Channel4_IRQHandler
                0x080002b8                RTC_IRQHandler
                0x080002b8                DMA1_Channel7_IRQHandler
                0x080002b8                CAN1_RX1_IRQHandler
                0x080002b8                UART5_IRQHandler
                0x080002b8                ADC3_IRQHandler
                0x080002b8                DMA2_Channel1_IRQHandler
                0x080002b8                I2C1_EV_IRQHandler
                0x080002b8                DMA1_Channel6_IRQHandler
                0x080002b8                UART4_IRQHandler
                0x080002b8                RCC_IRQHandler
                0x080002b8                TIM1_TRG_COM_IRQHandler
                0x080002b8                DMA1_Channel1_IRQHandler
                0x080002b8                EXTI15_10_IRQHandler
                0x080002b8                TIM7_IRQHandler
                0x080002b8                TIM5_IRQHandler
                0x080002b8                EXTI9_5_IRQHandler
                0x080002b8                MemManage_Handler
                0x080002b8                SVC_Handler
                0x080002b8                EXTI4_IRQHandler
                0x080002b8                FSMC_IRQHandler
                0x080002b8                TIM1_UP_IRQHandler
                0x080002b8                WWDG_IRQHandler
                0x080002b8                TIM1_BRK_IRQHandler
                0x080002b8                EXTI1_IRQHandler
                0x080002b8                RTCAlarm_IRQHandler
                0x080002b8                DMA2_Channel4_5_IRQHandler
                0x080002b8                USART2_IRQHandler
                0x080002b8                TIM8_BRK_IRQHandler
                0x080002b8                CAN1_SCE_IRQHandler
                0x080002b8                FLASH_IRQHandler
                0x080002b8                BusFault_Handler
                0x080002b8                USART1_IRQHandler
                0x080002b8                SPI3_IRQHandler
                0x080002b8                I2C1_ER_IRQHandler
                0x080002b8                DMA2_Channel3_IRQHandler
 *fill*         0x080002ba        0x2 00
 .text.GetColumnData
                0x080002bc       0x8c C:\Users\rosschisholm\Documents\Work\Sonar Launchpad\main\obj\glob_textscroll.o
                0x080002bc                GetColumnData
 .text.PlotColumn
                0x08000348       0x4c C:\Users\rosschisholm\Documents\Work\Sonar Launchpad\main\obj\glob_textscroll.o
                0x08000348                PlotColumn
 .text.Scroll_Poll
                0x08000394       0x94 C:\Users\rosschisholm\Documents\Work\Sonar Launchpad\main\obj\glob_textscroll.o
                0x08000394                Scroll_Poll
 .text.Scroll_Load
                0x08000428       0x70 C:\Users\rosschisholm\Documents\Work\Sonar Launchpad\main\obj\glob_textscroll.o
                0x08000428                Scroll_Load
 .text.Scroll_Reset
                0x08000498       0x28 C:\Users\rosschisholm\Documents\Work\Sonar Launchpad\main\obj\glob_textscroll.o
                0x08000498                Scroll_Reset
 .text.glob_init_clocks
                0x080004c0       0x78 C:\Users\rosschisholm\Documents\Work\Sonar Launchpad\main\obj\glob_init.o
                0x080004c0                glob_init_clocks
 .text.glob_init_gpios
                0x08000538       0x78 C:\Users\rosschisholm\Documents\Work\Sonar Launchpad\main\obj\glob_init.o
                0x08000538                glob_init_gpios
 .text.Darken   0x080005b0       0x1c C:\Users\rosschisholm\Documents\Work\Sonar Launchpad\main\obj\glob_scrollmap.o
                0x080005b0                Darken
 .text.ScrollPlot
                0x080005cc       0x70 C:\Users\rosschisholm\Documents\Work\Sonar Launchpad\main\obj\glob_scrollmap.o
                0x080005cc                ScrollPlot
 .text.main     0x0800063c       0xf8 C:\Users\rosschisholm\Documents\Work\Sonar Launchpad\main\obj\main.o
                0x0800063c                main
 .text.midi_parsers_init
                0x08000734       0x34 C:\Users\rosschisholm\Documents\Work\Sonar Launchpad\main\obj\midi.o
                0x08000734                midi_parsers_init
 .text.midi_parsers_poll
                0x08000768       0x24 C:\Users\rosschisholm\Documents\Work\Sonar Launchpad\main\obj\midi.o
                0x08000768                midi_parsers_poll
 .text.CalculateDutyRatio
                0x0800078c       0x3c C:\Users\rosschisholm\Documents\Work\Sonar Launchpad\main\obj\midi.o
                0x0800078c                CalculateDutyRatio
 .text.CalculateSurface
                0x080007c8       0x5c C:\Users\rosschisholm\Documents\Work\Sonar Launchpad\main\obj\midi.o
                0x080007c8                CalculateSurface
 .text.CheckNovationMessage
                0x08000824       0x24 C:\Users\rosschisholm\Documents\Work\Sonar Launchpad\main\obj\midi.o
                0x08000824                CheckNovationMessage
 .text.ScrollMessage
                0x08000848       0x1c C:\Users\rosschisholm\Documents\Work\Sonar Launchpad\main\obj\midi.o
                0x08000848                ScrollMessage
 .text.VersionMessage
                0x08000864       0x74 C:\Users\rosschisholm\Documents\Work\Sonar Launchpad\main\obj\midi.o
                0x08000864                VersionMessage
 .text.CalculateXY
                0x080008d8       0x18 C:\Users\rosschisholm\Documents\Work\Sonar Launchpad\main\obj\midi.o
                0x080008d8                CalculateXY
 .text.midi_noteon
                0x080008f0       0x88 C:\Users\rosschisholm\Documents\Work\Sonar Launchpad\main\obj\midi.o
                0x080008f0                midi_noteon
 .text.midi_runningupdate
                0x08000978       0x4c C:\Users\rosschisholm\Documents\Work\Sonar Launchpad\main\obj\midi.o
                0x08000978                midi_runningupdate
 .text.CopyBanks
                0x080009c4       0x58 C:\Users\rosschisholm\Documents\Work\Sonar Launchpad\main\obj\midi.o
                0x080009c4                CopyBanks
 .text.AllOn    0x08000a1c       0x58 C:\Users\rosschisholm\Documents\Work\Sonar Launchpad\main\obj\midi.o
                0x08000a1c                AllOn
 .text.ResetMessage
                0x08000a74       0x14 C:\Users\rosschisholm\Documents\Work\Sonar Launchpad\main\obj\midi.o
                0x08000a74                ResetMessage
 .text.DeviceInquiry
                0x08000a88       0x40 C:\Users\rosschisholm\Documents\Work\Sonar Launchpad\main\obj\midi.o
                0x08000a88                DeviceInquiry
 .text.MIDISysex
                0x08000ac8       0x90 C:\Users\rosschisholm\Documents\Work\Sonar Launchpad\main\obj\midi.o
                0x08000ac8                MIDISysex
 .text.QuitRunningStatus
                0x08000b58       0x18 C:\Users\rosschisholm\Documents\Work\Sonar Launchpad\main\obj\midi.o
                0x08000b58                QuitRunningStatus
 .text.MidiCCZero
                0x08000b70      0x12c C:\Users\rosschisholm\Documents\Work\Sonar Launchpad\main\obj\midi.o
                0x08000b70                MidiCCZero
 .text.MIDIData
                0x08000c9c       0xdc C:\Users\rosschisholm\Documents\Work\Sonar Launchpad\main\obj\midi.o
                0x08000c9c                MIDIData
 .text.uifu_200hz
                0x08000d78       0x50 C:\Users\rosschisholm\Documents\Work\Sonar Launchpad\main\obj\sonar.o
                0x08000d78                uifu_200hz
 .text.fifo_unfull
                0x08000dc8       0x14 C:\Users\rosschisholm\Documents\Work\Sonar Launchpad\cortex\cx_fifo.o
                0x08000dc8                fifo_unfull
 .text.fifo_unempty
                0x08000ddc       0x10 C:\Users\rosschisholm\Documents\Work\Sonar Launchpad\cortex\cx_fifo.o
                0x08000ddc                fifo_unempty
 .text.fifo_push1
                0x08000dec        0xe C:\Users\rosschisholm\Documents\Work\Sonar Launchpad\cortex\cx_fifo.o
                0x08000dec                fifo_push1
 .text.fifo_pop1
                0x08000dfa       0x10 C:\Users\rosschisholm\Documents\Work\Sonar Launchpad\cortex\cx_fifo.o
                0x08000dfa                fifo_pop1
 .text.fifo_push2
                0x08000e0a       0x14 C:\Users\rosschisholm\Documents\Work\Sonar Launchpad\cortex\cx_fifo.o
                0x08000e0a                fifo_push2
 .text.fifo_push4
                0x08000e1e       0x1c C:\Users\rosschisholm\Documents\Work\Sonar Launchpad\cortex\cx_fifo.o
                0x08000e1e                fifo_push4
 .text.fifo_pop4
                0x08000e3a       0x36 C:\Users\rosschisholm\Documents\Work\Sonar Launchpad\cortex\cx_fifo.o
                0x08000e3a                fifo_pop4
 .text.MIDIDataBytes
                0x08000e70       0x34 C:\Users\rosschisholm\Documents\Work\Sonar Launchpad\cortex\cx_midi_parser.o
                0x08000e70                MIDIDataBytes
 .text.midi_parse_tx_sysex_init
                0x08000ea4       0x24 C:\Users\rosschisholm\Documents\Work\Sonar Launchpad\cortex\cx_midi_parser.o
                0x08000ea4                midi_parse_tx_sysex_init
 .text.midi_parse_tx_sysex_fill
                0x08000ec8       0xa6 C:\Users\rosschisholm\Documents\Work\Sonar Launchpad\cortex\cx_midi_parser.o
                0x08000ec8                midi_parse_tx_sysex_fill
 .text.midi_parse_rx_byte
                0x08000f6e       0xc6 C:\Users\rosschisholm\Documents\Work\Sonar Launchpad\cortex\cx_midi_parser.o
                0x08000f6e                midi_parse_rx_byte
 .text.midi_parse_rx_usb
                0x08001034      0x138 C:\Users\rosschisholm\Documents\Work\Sonar Launchpad\cortex\cx_midi_parser.o
                0x08001034                midi_parse_rx_usb
 .text.switch_is_on
                0x0800116c       0x32 C:\Users\rosschisholm\Documents\Work\Sonar Launchpad\cortex\cx_switch.o
                0x0800116c                switch_is_on
 .text.switch_is_off
                0x0800119e       0x38 C:\Users\rosschisholm\Documents\Work\Sonar Launchpad\cortex\cx_switch.o
                0x0800119e                switch_is_off
 *fill*         0x080011d6        0x2 00
 .text.RebootWrite
                0x080011d8       0x28 C:\Users\rosschisholm\Documents\Work\Sonar Launchpad\cortex\cxm3_dual_boot.o
                0x080011d8                RebootWrite
 .text.HardReset
                0x08001200       0x24 C:\Users\rosschisholm\Documents\Work\Sonar Launchpad\cortex\cxm3_dual_boot.o
                0x08001200                HardReset
 .text.dual_boot_init
                0x08001224       0x10 C:\Users\rosschisholm\Documents\Work\Sonar Launchpad\cortex\cxm3_dual_boot.o
                0x08001224                dual_boot_init
 .text.dual_boot_restart_as_bootloader
                0x08001234       0x10 C:\Users\rosschisholm\Documents\Work\Sonar Launchpad\cortex\cxm3_dual_boot.o
                0x08001234                dual_boot_restart_as_bootloader
 .text.usb_enable
                0x08001244       0x10 C:\Users\rosschisholm\Documents\Work\Sonar Launchpad\cortex\cxm3_usb.o
                0x08001244                usb_enable
 .text.usb_disable
                0x08001254       0x10 C:\Users\rosschisholm\Documents\Work\Sonar Launchpad\cortex\cxm3_usb.o
                0x08001254                usb_disable
 .text.usb_200hz
                0x08001264       0x38 C:\Users\rosschisholm\Documents\Work\Sonar Launchpad\cortex\cxm3_usb.o
                0x08001264                usb_200hz
 .text.usb_eptx_tx
                0x0800129c       0x58 C:\Users\rosschisholm\Documents\Work\Sonar Launchpad\cortex\cxm3_usb.o
                0x0800129c                usb_eptx_tx
 .text.usb_ep1_tx
                0x080012f4       0x54 C:\Users\rosschisholm\Documents\Work\Sonar Launchpad\cortex\cxm3_usb.o
                0x080012f4                usb_ep1_tx
 .text.usb_eprx_rx
                0x08001348       0x32 C:\Users\rosschisholm\Documents\Work\Sonar Launchpad\cortex\cxm3_usb.o
                0x08001348                usb_eprx_rx
 *fill*         0x0800137a        0x2 00
 .text.usb_ep2_rx
                0x0800137c       0x2c C:\Users\rosschisholm\Documents\Work\Sonar Launchpad\cortex\cxm3_usb.o
                0x0800137c                usb_ep2_rx
 .text.setup_get_status
                0x080013a8       0x7c C:\Users\rosschisholm\Documents\Work\Sonar Launchpad\cortex\cxm3_usb.o
                0x080013a8                setup_get_status
 .text.setup_clear_feature
                0x08001424       0x6c C:\Users\rosschisholm\Documents\Work\Sonar Launchpad\cortex\cxm3_usb.o
                0x08001424                setup_clear_feature
 .text.setup_set_feature
                0x08001490       0x6c C:\Users\rosschisholm\Documents\Work\Sonar Launchpad\cortex\cxm3_usb.o
                0x08001490                setup_set_feature
 .text.setup_set_address
                0x080014fc       0x38 C:\Users\rosschisholm\Documents\Work\Sonar Launchpad\cortex\cxm3_usb.o
                0x080014fc                setup_set_address
 .text.setup_get_configuration
                0x08001534       0x34 C:\Users\rosschisholm\Documents\Work\Sonar Launchpad\cortex\cxm3_usb.o
                0x08001534                setup_get_configuration
 .text.setup_set_configuration
                0x08001568       0xdc C:\Users\rosschisholm\Documents\Work\Sonar Launchpad\cortex\cxm3_usb.o
                0x08001568                setup_set_configuration
 .text.setup_get_interface
                0x08001644       0x3c C:\Users\rosschisholm\Documents\Work\Sonar Launchpad\cortex\cxm3_usb.o
                0x08001644                setup_get_interface
 .text.setup_set_interface
                0x08001680       0x44 C:\Users\rosschisholm\Documents\Work\Sonar Launchpad\cortex\cxm3_usb.o
                0x08001680                setup_set_interface
 .text.usb_ep0_tx_continue
                0x080016c4       0xa4 C:\Users\rosschisholm\Documents\Work\Sonar Launchpad\cortex\cxm3_usb.o
                0x080016c4                usb_ep0_tx_continue
 .text.usb_ep0_tx_complete
                0x08001768       0x44 C:\Users\rosschisholm\Documents\Work\Sonar Launchpad\cortex\cxm3_usb.o
                0x08001768                usb_ep0_tx_complete
 .text.setup_get_descriptor
                0x080017ac       0x9c C:\Users\rosschisholm\Documents\Work\Sonar Launchpad\cortex\cxm3_usb.o
                0x080017ac                setup_get_descriptor
 .text.usb_ep0_rx_complete
                0x08001848       0xc0 C:\Users\rosschisholm\Documents\Work\Sonar Launchpad\cortex\cxm3_usb.o
                0x08001848                usb_ep0_rx_complete
 .text.usb_reset
                0x08001908       0x3c C:\Users\rosschisholm\Documents\Work\Sonar Launchpad\cortex\cxm3_usb.o
                0x08001908                usb_reset
 .text.usb_init
                0x08001944       0x68 C:\Users\rosschisholm\Documents\Work\Sonar Launchpad\cortex\cxm3_usb.o
                0x08001944                usb_init
 .text.usb_ctr  0x080019ac       0x58 C:\Users\rosschisholm\Documents\Work\Sonar Launchpad\cortex\cxm3_usb.o
                0x080019ac                usb_ctr
 .text.usb_susp
                0x08001a04       0x28 C:\Users\rosschisholm\Documents\Work\Sonar Launchpad\cortex\cxm3_usb.o
                0x08001a04                usb_susp
 .text.usb_wkup
                0x08001a2c       0x24 C:\Users\rosschisholm\Documents\Work\Sonar Launchpad\cortex\cxm3_usb.o
                0x08001a2c                usb_wkup
 .text.USB_HP_CAN1_TX_IRQHandler
                0x08001a50       0x10 C:\Users\rosschisholm\Documents\Work\Sonar Launchpad\cortex\cxm3_usb.o
                0x08001a50                USB_HP_CAN1_TX_IRQHandler
 .text.USB_LP_CAN1_RX0_IRQHandler
                0x08001a60       0x3c C:\Users\rosschisholm\Documents\Work\Sonar Launchpad\cortex\cxm3_usb.o
                0x08001a60                USB_LP_CAN1_RX0_IRQHandler
 .text.USBWakeUp_IRQHandler
                0x08001a9c       0x10 C:\Users\rosschisholm\Documents\Work\Sonar Launchpad\cortex\cxm3_usb.o
                0x08001a9c                USBWakeUp_IRQHandler
 .text.usb_poll
                0x08001aac       0x4c C:\Users\rosschisholm\Documents\Work\Sonar Launchpad\cortex\cxm3_usb.o
                0x08001aac                usb_poll
 .text.Reset_Handler
                0x08001af8       0x48 C:\Users\rosschisholm\Documents\Work\Sonar Launchpad\main\obj\startup.o
 .text.DeviceID_SetupPID
                0x08001b40       0x70 C:\Users\rosschisholm\Documents\Work\Sonar Launchpad\main\obj\deviceid.o
                0x08001b40                DeviceID_SetupPID
 .text.Vegas_Four
                0x08001bb0      0x10c C:\Users\rosschisholm\Documents\Work\Sonar Launchpad\main\obj\vegas.o
                0x08001bb0                Vegas_Four
 .text.Vegas_Three
                0x08001cbc      0x144 C:\Users\rosschisholm\Documents\Work\Sonar Launchpad\main\obj\vegas.o
                0x08001cbc                Vegas_Three
 .text.Vegas_Two
                0x08001e00       0xa4 C:\Users\rosschisholm\Documents\Work\Sonar Launchpad\main\obj\vegas.o
                0x08001e00                Vegas_Two
 .text.Vegas_One
                0x08001ea4       0x10 C:\Users\rosschisholm\Documents\Work\Sonar Launchpad\main\obj\vegas.o
                0x08001ea4                Vegas_One
 .text.LoadNextRipple
                0x08001eb4       0x84 C:\Users\rosschisholm\Documents\Work\Sonar Launchpad\main\obj\vegas.o
                0x08001eb4                LoadNextRipple
 .text.Vegas_Reset
                0x08001f38       0x24 C:\Users\rosschisholm\Documents\Work\Sonar Launchpad\main\obj\vegas.o
                0x08001f38                Vegas_Reset
 .text.Vegas_Poll
                0x08001f5c       0x64 C:\Users\rosschisholm\Documents\Work\Sonar Launchpad\main\obj\vegas.o
                0x08001f5c                Vegas_Poll
 .text.BLANK_func
                0x08001fc0      0x114 C:\Users\rosschisholm\Documents\Work\Sonar Launchpad\main\obj\surface.o
                0x08001fc0                BLANK_func
 .text.LEDSHIFT_func
                0x080020d4       0x10 C:\Users\rosschisholm\Documents\Work\Sonar Launchpad\main\obj\surface.o
                0x080020d4                LEDSHIFT_func
 .text.BRIGHT_func
                0x080020e4       0x40 C:\Users\rosschisholm\Documents\Work\Sonar Launchpad\main\obj\surface.o
                0x080020e4                BRIGHT_func
 .text.SWWAIT_func
                0x08002124       0x24 C:\Users\rosschisholm\Documents\Work\Sonar Launchpad\main\obj\surface.o
                0x08002124                SWWAIT_func
 .text.SWSHIFT_func
                0x08002148       0x4c C:\Users\rosschisholm\Documents\Work\Sonar Launchpad\main\obj\surface.o
                0x08002148                SWSHIFT_func
 .text.surface_init
                0x08002194      0x23c C:\Users\rosschisholm\Documents\Work\Sonar Launchpad\main\obj\surface.o
                0x08002194                surface_init
 .text.DMA1_Channel2_IRQHandler
                0x080023d0       0x28 C:\Users\rosschisholm\Documents\Work\Sonar Launchpad\main\obj\surface.o
                0x080023d0                DMA1_Channel2_IRQHandler
 .text.DMA1_Channel3_IRQHandler
                0x080023f8       0x28 C:\Users\rosschisholm\Documents\Work\Sonar Launchpad\main\obj\surface.o
                0x080023f8                DMA1_Channel3_IRQHandler
 .text.DMA1_Channel5_IRQHandler
                0x08002420       0x28 C:\Users\rosschisholm\Documents\Work\Sonar Launchpad\main\obj\surface.o
                0x08002420                DMA1_Channel5_IRQHandler
 .text.TIM2_IRQHandler
                0x08002448       0xa0 C:\Users\rosschisholm\Documents\Work\Sonar Launchpad\main\obj\surface.o
                0x08002448                TIM2_IRQHandler
 .text.ResetTextTimer
                0x080024e8       0x1c C:\Users\rosschisholm\Documents\Work\Sonar Launchpad\main\obj\surface.o
                0x080024e8                ResetTextTimer
 .text.TIM3_IRQHandler
                0x08002504       0xbc C:\Users\rosschisholm\Documents\Work\Sonar Launchpad\main\obj\surface.o
                0x08002504                TIM3_IRQHandler
 .text.EngageVegas
                0x080025c0       0x30 C:\Users\rosschisholm\Documents\Work\Sonar Launchpad\main\obj\surface.o
                0x080025c0                EngageVegas
 .text.EngageText
                0x080025f0       0x30 C:\Users\rosschisholm\Documents\Work\Sonar Launchpad\main\obj\surface.o
                0x080025f0                EngageText
 .text.DisengageVegasAndText
                0x08002620       0x28 C:\Users\rosschisholm\Documents\Work\Sonar Launchpad\main\obj\surface.o
                0x08002620                DisengageVegasAndText
 .text.USBUnconfigured
                0x08002648       0x10 C:\Users\rosschisholm\Documents\Work\Sonar Launchpad\main\obj\surface.o
                0x08002648                USBUnconfigured
 .text.USBConfigured
                0x08002658       0x1c C:\Users\rosschisholm\Documents\Work\Sonar Launchpad\main\obj\surface.o
                0x08002658                USBConfigured
 .text.Plot     0x08002674       0xdc C:\Users\rosschisholm\Documents\Work\Sonar Launchpad\main\obj\surface.o
                0x08002674                Plot
 .text.surface_blank
                0x08002750       0x70 C:\Users\rosschisholm\Documents\Work\Sonar Launchpad\main\obj\surface.o
                0x08002750                surface_blank
 .text.surface_vegas_blank
                0x080027c0       0x18 C:\Users\rosschisholm\Documents\Work\Sonar Launchpad\main\obj\surface.o
                0x080027c0                surface_vegas_blank
 .text.CheckSpecialButton
                0x080027d8       0x58 C:\Users\rosschisholm\Documents\Work\Sonar Launchpad\main\obj\surface.o
                0x080027d8                CheckSpecialButton
 .text.SwitchPressed
                0x08002830       0x4c C:\Users\rosschisholm\Documents\Work\Sonar Launchpad\main\obj\surface.o
                0x08002830                SwitchPressed
 .text.SwitchReleased
                0x0800287c       0x4c C:\Users\rosschisholm\Documents\Work\Sonar Launchpad\main\obj\surface.o
                0x0800287c                SwitchReleased
 .text.read_switches
                0x080028c8       0x8c C:\Users\rosschisholm\Documents\Work\Sonar Launchpad\main\obj\surface.o
                0x080028c8                read_switches
 .text.surface_1khz
                0x08002954        0x8 C:\Users\rosschisholm\Documents\Work\Sonar Launchpad\main\obj\surface.o
                0x08002954                surface_1khz
 .text.__io_putchar
                0x0800295c      0x16c C:\Raisonance\Ride\Lib\ARM\STM32x_io_putchar_thumb.a(STM32F10X_io_putchar.o)
                0x0800295c                __io_putchar
 .text._write   0x08002ac8        0x4 C:\Raisonance\Ride\Lib\ARM\std_sbrk_thumb.lib(write.o)
                0x08002ac8                _write
 *(.rodata)
 .rodata        0x08002acc       0x10 C:\Users\rosschisholm\Documents\Work\Sonar Launchpad\main\obj\glob_textscroll.o
                0x08002acc                TEXT_TIMER
 .rodata        0x08002adc      0x2c8 C:\Users\rosschisholm\Documents\Work\Sonar Launchpad\main\obj\glob_font.o
                0x08002adc                font8_index
                0x08002b9c                font8_width
                0x08002bfc                font8_data
 .rodata        0x08002da4      0x154 C:\Users\rosschisholm\Documents\Work\Sonar Launchpad\main\obj\glob_scrollmap.o
                0x08002da4                DARKEN_TABLE
                0x08002da8                ScrollRight
                0x08002dfc                ScrollLeft
                0x08002e50                ScrollUp
                0x08002ea4                ScrollDown
 .rodata        0x08002ef8      0x260 C:\Users\rosschisholm\Documents\Work\Sonar Launchpad\main\obj\glob_surfacemap.o
                0x08002ef8                LAYOUT1
                0x08002f48                LAYOUT2
                0x08002f98                GRN_MAP
                0x08002fec                RED_MAP
                0x08003040                DRUM_RACK_TO_XY
                0x08003088                RUNNING_STATUS_ORDER
                0x080030d8                RED_BRIGHTNESS_1122
                0x080030e8                GRN_BRIGHTNESS_1122
                0x080030f8                SWITCH_MAP
 .rodata        0x08003158        0x8 C:\Users\rosschisholm\Documents\Work\Sonar Launchpad\main\obj\midi.o
                0x08003158                DEVICEINQUIRY
 .rodata        0x08003160        0x5 C:\Users\rosschisholm\Documents\Work\Sonar Launchpad\cortex\cx_midi_parser.o
                0x08003160                PREAMBLE
 .rodata        0x08003165       0x2d C:\Users\rosschisholm\Documents\Work\Sonar Launchpad\cortex\cxm3_usb.o
                0x08003168                string_zero
                0x0800316c                string_manufacturer
 *fill*         0x08003192        0x2 00
 .rodata        0x08003194       0x64 C:\Users\rosschisholm\Documents\Work\Sonar Launchpad\main\obj\vegas.o
                0x08003194                RIPPLE
                0x080031e8                VEGAS_JUMP
 .rodata        0x080031f8       0x68 C:\Users\rosschisholm\Documents\Work\Sonar Launchpad\main\obj\surface.o
                0x080031f8                COLORDER
                0x08003204                BRIGHT_TIMES
                0x08003228                TIMER_JUMP
                0x0800323c                TIMER_VALUE_LOWPOWER
                0x08003244                TIMER_VALUE_FULLPOWER
                0x0800324c                ORMASK
                0x08003254                HZ_RESET
                0x08003258                ANDMASK
 *(.rodata*)
 *(.glue_7)
 .glue_7        0x00000000        0x0 linker stubs
 *(.glue_7t)
 .glue_7t       0x00000000        0x0 linker stubs
                0x08003260                . = ALIGN (0x4)
                0x08003260                _etext = .
                0x08003260                _sflashdata = .

.vfp11_veneer   0x08003260        0x0
 .vfp11_veneer  0x00000000        0x0 linker stubs

.v4_bx          0x08003260        0x0
 .v4_bx         0x00000000        0x0 linker stubs

.data           0x20000000      0x150 load address 0x08003260
                0x20000000                . = ALIGN (0x4)
                0x20000000                _sramdata = .
 *(.data)
 .data          0x20000000       0x28 C:\Users\rosschisholm\Documents\Work\Sonar Launchpad\main\obj\glob_textscroll.o
                0x20000000                TextSpeed
                0x20000004                ScrollText
                0x20000026                TextColour
 .data          0x20000028       0x20 C:\Users\rosschisholm\Documents\Work\Sonar Launchpad\main\obj\midi.o
                0x20000028                DutyCycleMultiplier
                0x2000002c                DEVICERESPONSE
                0x20000040                ChallengeResponse
 .data          0x20000048       0xb8 C:\Users\rosschisholm\Documents\Work\Sonar Launchpad\cortex\cxm3_usb.o
                0x20000048                StandAloneTimer
                0x2000004a                UsbAddress
                0x2000004c                ToSend
                0x2000004e                device_descriptor
                0x20000060                configuration_descriptor
                0x200000b4                string_table
                0x200000c4                string_product
                0x200000e2                string_interface
 .data          0x20000100       0x40 C:\Users\rosschisholm\Documents\Work\Sonar Launchpad\main\obj\deviceid.o
                0x20000100                USBPIDS
                0x20000110                DESCRIPTORS
 .data          0x20000140       0x10 C:\Users\rosschisholm\Documents\Work\Sonar Launchpad\main\obj\surface.o
                0x20000140                TextTimer
                0x20000144                hz_value
                0x20000148                FlashTimer
                0x2000014c                VegasTimer
 *(.data.*)
 *(.RAMtext)
 *(.textram)
 *(.textram.*)
                0x20000150                . = ALIGN (0x4)
                0x20000150                _eramdata = .
                0x080033b0                _eflashdata = ((_sflashdata + _eramdata) - _sramdata)
                0x00000150                _ldata = (_eramdata - _sramdata)
                0x08010000                _lastdataromaddress = 0x8010000
                0x00000000                toobig = (_eflashdata > _lastdataromaddress)?!!!!!!!!! FLASH IS FULL !!!!!!!!!:0x0

.bss            0x20000150      0xcdc load address 0x080033b0
                0x20000150                . = ALIGN (0x4)
                0x20000150                _sbss = .
 *(.bss)
 .bss           0x20000150        0x4 C:\Users\rosschisholm\Documents\Work\Sonar Launchpad\cortex\cxm3_usb.o
                0x20000150                UsbFlags
                0x20000152                Sent
 .bss           0x20000154        0x1 C:\Users\rosschisholm\Documents\Work\Sonar Launchpad\main\obj\surface.o
                0x20000154                ForceFullBrightness
 *(COMMON)
 COMMON         0x20000155        0x4 C:\Users\rosschisholm\Documents\Work\Sonar Launchpad\main\obj\glob_textscroll.o
                0x20000155                TextLoop
                0x20000156                TextActive
                0x20000157                ThisCharCol
                0x20000158                ThisCharIndex
 *fill*         0x20000159        0x3 00
 COMMON         0x2000015c      0x460 C:\Users\rosschisholm\Documents\Work\Sonar Launchpad\main\obj\midi.o
                0x2000015c                DataIn
                0x20000378                UserByte
                0x20000379                RunningUpdate
                0x2000037a                RunningStatusCounter
                0x2000037c                USBParserToHst
                0x20000384                Challenge
                0x20000388                DataOut
                0x200005a4                USBParserToDev
 COMMON         0x200005bc      0x102 C:\Users\rosschisholm\Documents\Work\Sonar Launchpad\main\obj\sonar.o
                0x200005bc                Event
 *fill*         0x200006be        0x2 00
 COMMON         0x200006c0      0x24a C:\Users\rosschisholm\Documents\Work\Sonar Launchpad\cortex\cxm3_usb.o
                0x200006c0                UsbTemp
                0x20000700                Descriptor
                0x20000704                MIDIToHst
                0x20000806                MIDIToDev
                0x20000908                txfull
                0x20000909                rxfull
 *fill*         0x2000090a        0x2 00
 COMMON         0x2000090c       0x13 C:\Users\rosschisholm\Documents\Work\Sonar Launchpad\main\obj\vegas.o
                0x2000090c                NextRipple
                0x2000090d                DelayToNextRipple
                0x20000910                Ripple_State
 *fill*         0x2000091f        0x1 00
 COMMON         0x20000920      0x50c C:\Users\rosschisholm\Documents\Work\Sonar Launchpad\main\obj\surface.o
                0x20000920                Switches
                0x20000971                EventFlags
                0x20000972                DisplayBank
                0x20000973                SurfaceOn
                0x20000974                LedMasterValue
                0x20000b6c                FlipBanks
                0x20000b6d                PrevDispBank
                0x20000b6e                CurrentCol
                0x20000b6f                Col
                0x20000b70                AutomapButtonsHeld
                0x20000b71                Mode
                0x20000b74                LedValue
                0x20000d6c                LedCounter
                0x20000e14                SwitchData
                0x20000e20                LedData
                0x20000e27                CurrentKeyLayout
                0x20000e28                VegasActive
                0x20000e29                UpdateBank
                0x20000e2a                BrightBit
                0x20000e2b                ColOrder
                0x20000e2c                . = ALIGN (0x4)
                0x20000e2c                _ebss = .
                0x20000e2c                PROVIDE (end, _ebss)
                0x20000e2c                PROVIDE (_end, _ebss)
START GROUP
LOAD c:/raisonance/ride/arm-gcc/bin/../lib/gcc/arm-none-eabi/4.5.2/thumb2\libgcc.a
LOAD c:/raisonance/ride/arm-gcc/bin/../lib/gcc/arm-none-eabi/4.5.2/../../../../arm-none-eabi/lib/thumb2\libc.a
END GROUP
OUTPUT(C:\Users\rosschisholm\Documents\Work\Sonar Launchpad\main\obj\Sonar Launchpad.elf elf32-littlearm)

.ARM.attributes
                0x00000000       0x2d
 .ARM.attributes
                0x00000000       0x21 C:\Users\rosschisholm\Documents\Work\Sonar Launchpad\main\obj\startup.o
 .ARM.attributes
                0x00000021       0x31 C:\Users\rosschisholm\Documents\Work\Sonar Launchpad\main\obj\glob_textscroll.o
 .ARM.attributes
                0x00000052       0x31 C:\Users\rosschisholm\Documents\Work\Sonar Launchpad\main\obj\glob_font.o
 .ARM.attributes
                0x00000083       0x31 C:\Users\rosschisholm\Documents\Work\Sonar Launchpad\main\obj\glob_init.o
 .ARM.attributes
                0x000000b4       0x31 C:\Users\rosschisholm\Documents\Work\Sonar Launchpad\main\obj\glob_scrollmap.o
 .ARM.attributes
                0x000000e5       0x31 C:\Users\rosschisholm\Documents\Work\Sonar Launchpad\main\obj\glob_surfacemap.o
 .ARM.attributes
                0x00000116       0x31 C:\Users\rosschisholm\Documents\Work\Sonar Launchpad\main\obj\main.o
 .ARM.attributes
                0x00000147       0x31 C:\Users\rosschisholm\Documents\Work\Sonar Launchpad\main\obj\midi.o
 .ARM.attributes
                0x00000178       0x31 C:\Users\rosschisholm\Documents\Work\Sonar Launchpad\main\obj\sonar.o
 .ARM.attributes
                0x000001a9       0x31 C:\Users\rosschisholm\Documents\Work\Sonar Launchpad\cortex\cx_fifo.o
 .ARM.attributes
                0x000001da       0x31 C:\Users\rosschisholm\Documents\Work\Sonar Launchpad\cortex\cx_midi_parser.o
 .ARM.attributes
                0x0000020b       0x31 C:\Users\rosschisholm\Documents\Work\Sonar Launchpad\cortex\cx_switch.o
 .ARM.attributes
                0x0000023c       0x31 C:\Users\rosschisholm\Documents\Work\Sonar Launchpad\cortex\cxm3_dual_boot.o
 .ARM.attributes
                0x0000026d       0x31 C:\Users\rosschisholm\Documents\Work\Sonar Launchpad\cortex\cxm3_flash.o
 .ARM.attributes
                0x0000029e       0x31 C:\Users\rosschisholm\Documents\Work\Sonar Launchpad\cortex\cxm3_usb.o
 .ARM.attributes
                0x000002cf       0x21 C:\Users\rosschisholm\Documents\Work\Sonar Launchpad\main\obj\startup.o
 .ARM.attributes
                0x000002f0       0x31 C:\Users\rosschisholm\Documents\Work\Sonar Launchpad\main\obj\deviceid.o
 .ARM.attributes
                0x00000321       0x31 C:\Users\rosschisholm\Documents\Work\Sonar Launchpad\main\obj\vegas.o
 .ARM.attributes
                0x00000352       0x31 C:\Users\rosschisholm\Documents\Work\Sonar Launchpad\main\obj\surface.o
 .ARM.attributes
                0x00000383       0x31 C:\Raisonance\Ride\Lib\ARM\STM32x_io_putchar_thumb.a(STM32F10X_io_putchar.o)
 .ARM.attributes
                0x000003b4       0x2e C:\Raisonance\Ride\Lib\ARM\std_sbrk_thumb.lib(write.o)

.comment        0x00000000       0x7f
 .comment       0x00000000       0x2a C:\Users\rosschisholm\Documents\Work\Sonar Launchpad\main\obj\glob_textscroll.o
                                 0x2b (size before relaxing)
 .comment       0x00000000       0x2b C:\Users\rosschisholm\Documents\Work\Sonar Launchpad\main\obj\glob_font.o
 .comment       0x00000000       0x2b C:\Users\rosschisholm\Documents\Work\Sonar Launchpad\main\obj\glob_init.o
 .comment       0x00000000       0x2b C:\Users\rosschisholm\Documents\Work\Sonar Launchpad\main\obj\glob_scrollmap.o
 .comment       0x00000000       0x2b C:\Users\rosschisholm\Documents\Work\Sonar Launchpad\main\obj\glob_surfacemap.o
 .comment       0x00000000       0x2b C:\Users\rosschisholm\Documents\Work\Sonar Launchpad\main\obj\main.o
 .comment       0x00000000       0x2b C:\Users\rosschisholm\Documents\Work\Sonar Launchpad\main\obj\midi.o
 .comment       0x00000000       0x2b C:\Users\rosschisholm\Documents\Work\Sonar Launchpad\main\obj\sonar.o
 .comment       0x00000000       0x2b C:\Users\rosschisholm\Documents\Work\Sonar Launchpad\cortex\cx_fifo.o
 .comment       0x00000000       0x2b C:\Users\rosschisholm\Documents\Work\Sonar Launchpad\cortex\cx_midi_parser.o
 .comment       0x00000000       0x2b C:\Users\rosschisholm\Documents\Work\Sonar Launchpad\cortex\cx_switch.o
 .comment       0x00000000       0x2b C:\Users\rosschisholm\Documents\Work\Sonar Launchpad\cortex\cxm3_dual_boot.o
 .comment       0x00000000       0x2b C:\Users\rosschisholm\Documents\Work\Sonar Launchpad\cortex\cxm3_flash.o
 .comment       0x00000000       0x2b C:\Users\rosschisholm\Documents\Work\Sonar Launchpad\cortex\cxm3_usb.o
 .comment       0x00000000       0x2b C:\Users\rosschisholm\Documents\Work\Sonar Launchpad\main\obj\deviceid.o
 .comment       0x00000000       0x2b C:\Users\rosschisholm\Documents\Work\Sonar Launchpad\main\obj\vegas.o
 .comment       0x00000000       0x2b C:\Users\rosschisholm\Documents\Work\Sonar Launchpad\main\obj\surface.o
 .comment       0x0000002a       0x2b C:\Raisonance\Ride\Lib\ARM\STM32x_io_putchar_thumb.a(STM32F10X_io_putchar.o)
 .comment       0x00000055       0x2a C:\Raisonance\Ride\Lib\ARM\std_sbrk_thumb.lib(write.o)

.debug_abbrev   0x00000000     0x13c7
 .debug_abbrev  0x00000000      0x13f C:\Users\rosschisholm\Documents\Work\Sonar Launchpad\main\obj\glob_textscroll.o
 .debug_abbrev  0x0000013f       0x5f C:\Users\rosschisholm\Documents\Work\Sonar Launchpad\main\obj\glob_font.o
 .debug_abbrev  0x0000019e       0x48 C:\Users\rosschisholm\Documents\Work\Sonar Launchpad\main\obj\glob_init.o
 .debug_abbrev  0x000001e6       0xda C:\Users\rosschisholm\Documents\Work\Sonar Launchpad\main\obj\glob_scrollmap.o
 .debug_abbrev  0x000002c0       0x56 C:\Users\rosschisholm\Documents\Work\Sonar Launchpad\main\obj\glob_surfacemap.o
 .debug_abbrev  0x00000316       0x8a C:\Users\rosschisholm\Documents\Work\Sonar Launchpad\main\obj\main.o
 .debug_abbrev  0x000003a0      0x24a C:\Users\rosschisholm\Documents\Work\Sonar Launchpad\main\obj\midi.o
 .debug_abbrev  0x000005ea       0xba C:\Users\rosschisholm\Documents\Work\Sonar Launchpad\main\obj\sonar.o
 .debug_abbrev  0x000006a4      0x10c C:\Users\rosschisholm\Documents\Work\Sonar Launchpad\cortex\cx_fifo.o
 .debug_abbrev  0x000007b0      0x219 C:\Users\rosschisholm\Documents\Work\Sonar Launchpad\cortex\cx_midi_parser.o
 .debug_abbrev  0x000009c9       0xe6 C:\Users\rosschisholm\Documents\Work\Sonar Launchpad\cortex\cx_switch.o
 .debug_abbrev  0x00000aaf      0x196 C:\Users\rosschisholm\Documents\Work\Sonar Launchpad\cortex\cxm3_dual_boot.o
 .debug_abbrev  0x00000c45       0xac C:\Users\rosschisholm\Documents\Work\Sonar Launchpad\cortex\cxm3_flash.o
 .debug_abbrev  0x00000cf1      0x2f2 C:\Users\rosschisholm\Documents\Work\Sonar Launchpad\cortex\cxm3_usb.o
 .debug_abbrev  0x00000fe3       0x9f C:\Users\rosschisholm\Documents\Work\Sonar Launchpad\main\obj\deviceid.o
 .debug_abbrev  0x00001082      0x113 C:\Users\rosschisholm\Documents\Work\Sonar Launchpad\main\obj\vegas.o
 .debug_abbrev  0x00001195      0x232 C:\Users\rosschisholm\Documents\Work\Sonar Launchpad\main\obj\surface.o

.debug_info     0x00000000     0x445c
 .debug_info    0x00000000      0x41f C:\Users\rosschisholm\Documents\Work\Sonar Launchpad\main\obj\glob_textscroll.o
 .debug_info    0x0000041f       0xd8 C:\Users\rosschisholm\Documents\Work\Sonar Launchpad\main\obj\glob_font.o
 .debug_info    0x000004f7       0x8a C:\Users\rosschisholm\Documents\Work\Sonar Launchpad\main\obj\glob_init.o
 .debug_info    0x00000581      0x206 C:\Users\rosschisholm\Documents\Work\Sonar Launchpad\main\obj\glob_scrollmap.o
 .debug_info    0x00000787      0x180 C:\Users\rosschisholm\Documents\Work\Sonar Launchpad\main\obj\glob_surfacemap.o
 .debug_info    0x00000907      0x16a C:\Users\rosschisholm\Documents\Work\Sonar Launchpad\main\obj\main.o
 .debug_info    0x00000a71      0xa43 C:\Users\rosschisholm\Documents\Work\Sonar Launchpad\main\obj\midi.o
 .debug_info    0x000014b4      0x147 C:\Users\rosschisholm\Documents\Work\Sonar Launchpad\main\obj\sonar.o
 .debug_info    0x000015fb      0x2cf C:\Users\rosschisholm\Documents\Work\Sonar Launchpad\cortex\cx_fifo.o
 .debug_info    0x000018ca      0x5d5 C:\Users\rosschisholm\Documents\Work\Sonar Launchpad\cortex\cx_midi_parser.o
 .debug_info    0x00001e9f      0x207 C:\Users\rosschisholm\Documents\Work\Sonar Launchpad\cortex\cx_switch.o
 .debug_info    0x000020a6      0x3be C:\Users\rosschisholm\Documents\Work\Sonar Launchpad\cortex\cxm3_dual_boot.o
 .debug_info    0x00002464      0x115 C:\Users\rosschisholm\Documents\Work\Sonar Launchpad\cortex\cxm3_flash.o
 .debug_info    0x00002579      0xd12 C:\Users\rosschisholm\Documents\Work\Sonar Launchpad\cortex\cxm3_usb.o
 .debug_info    0x0000328b      0x16f C:\Users\rosschisholm\Documents\Work\Sonar Launchpad\main\obj\deviceid.o
 .debug_info    0x000033fa      0x309 C:\Users\rosschisholm\Documents\Work\Sonar Launchpad\main\obj\vegas.o
 .debug_info    0x00003703      0xd59 C:\Users\rosschisholm\Documents\Work\Sonar Launchpad\main\obj\surface.o

.debug_line     0x00000000     0x1e6b
 .debug_line    0x00000000      0x1a9 C:\Users\rosschisholm\Documents\Work\Sonar Launchpad\main\obj\glob_textscroll.o
 .debug_line    0x000001a9       0x7d C:\Users\rosschisholm\Documents\Work\Sonar Launchpad\main\obj\glob_font.o
 .debug_line    0x00000226       0xc5 C:\Users\rosschisholm\Documents\Work\Sonar Launchpad\main\obj\glob_init.o
 .debug_line    0x000002eb      0x115 C:\Users\rosschisholm\Documents\Work\Sonar Launchpad\main\obj\glob_scrollmap.o
 .debug_line    0x00000400       0x83 C:\Users\rosschisholm\Documents\Work\Sonar Launchpad\main\obj\glob_surfacemap.o
 .debug_line    0x00000483      0x119 C:\Users\rosschisholm\Documents\Work\Sonar Launchpad\main\obj\main.o
 .debug_line    0x0000059c      0x3a4 C:\Users\rosschisholm\Documents\Work\Sonar Launchpad\main\obj\midi.o
 .debug_line    0x00000940       0xac C:\Users\rosschisholm\Documents\Work\Sonar Launchpad\main\obj\sonar.o
 .debug_line    0x000009ec      0x18c C:\Users\rosschisholm\Documents\Work\Sonar Launchpad\cortex\cx_fifo.o
 .debug_line    0x00000b78      0x2d2 C:\Users\rosschisholm\Documents\Work\Sonar Launchpad\cortex\cx_midi_parser.o
 .debug_line    0x00000e4a      0x17c C:\Users\rosschisholm\Documents\Work\Sonar Launchpad\cortex\cx_switch.o
 .debug_line    0x00000fc6      0x256 C:\Users\rosschisholm\Documents\Work\Sonar Launchpad\cortex\cxm3_dual_boot.o
 .debug_line    0x0000121c      0x115 C:\Users\rosschisholm\Documents\Work\Sonar Launchpad\cortex\cxm3_flash.o
 .debug_line    0x00001331      0x526 C:\Users\rosschisholm\Documents\Work\Sonar Launchpad\cortex\cxm3_usb.o
 .debug_line    0x00001857       0x9f C:\Users\rosschisholm\Documents\Work\Sonar Launchpad\main\obj\deviceid.o
 .debug_line    0x000018f6      0x13c C:\Users\rosschisholm\Documents\Work\Sonar Launchpad\main\obj\vegas.o
 .debug_line    0x00001a32      0x439 C:\Users\rosschisholm\Documents\Work\Sonar Launchpad\main\obj\surface.o

.debug_loc      0x00000000     0x2952
 .debug_loc     0x00000000      0x242 C:\Users\rosschisholm\Documents\Work\Sonar Launchpad\main\obj\glob_textscroll.o
 .debug_loc     0x00000242      0x10c C:\Users\rosschisholm\Documents\Work\Sonar Launchpad\main\obj\glob_scrollmap.o
 .debug_loc     0x0000034e       0x20 C:\Users\rosschisholm\Documents\Work\Sonar Launchpad\main\obj\main.o
 .debug_loc     0x0000036e      0x6fe C:\Users\rosschisholm\Documents\Work\Sonar Launchpad\main\obj\midi.o
 .debug_loc     0x00000a6c       0x87 C:\Users\rosschisholm\Documents\Work\Sonar Launchpad\main\obj\sonar.o
 .debug_loc     0x00000af3       0xf1 C:\Users\rosschisholm\Documents\Work\Sonar Launchpad\cortex\cx_fifo.o
 .debug_loc     0x00000be4      0x5d0 C:\Users\rosschisholm\Documents\Work\Sonar Launchpad\cortex\cx_midi_parser.o
 .debug_loc     0x000011b4      0x1a7 C:\Users\rosschisholm\Documents\Work\Sonar Launchpad\cortex\cx_switch.o
 .debug_loc     0x0000135b      0x340 C:\Users\rosschisholm\Documents\Work\Sonar Launchpad\cortex\cxm3_dual_boot.o
 .debug_loc     0x0000169b      0x78d C:\Users\rosschisholm\Documents\Work\Sonar Launchpad\cortex\cxm3_usb.o
 .debug_loc     0x00001e28       0x76 C:\Users\rosschisholm\Documents\Work\Sonar Launchpad\main\obj\deviceid.o
 .debug_loc     0x00001e9e      0x3ba C:\Users\rosschisholm\Documents\Work\Sonar Launchpad\main\obj\vegas.o
 .debug_loc     0x00002258      0x6fa C:\Users\rosschisholm\Documents\Work\Sonar Launchpad\main\obj\surface.o

.debug_pubnames
                0x00000000     0x1189
 .debug_pubnames
                0x00000000       0xdd C:\Users\rosschisholm\Documents\Work\Sonar Launchpad\main\obj\glob_textscroll.o
 .debug_pubnames
                0x000000dd       0x41 C:\Users\rosschisholm\Documents\Work\Sonar Launchpad\main\obj\glob_font.o
 .debug_pubnames
                0x0000011e       0x3b C:\Users\rosschisholm\Documents\Work\Sonar Launchpad\main\obj\glob_init.o
 .debug_pubnames
                0x00000159       0x78 C:\Users\rosschisholm\Documents\Work\Sonar Launchpad\main\obj\glob_scrollmap.o
 .debug_pubnames
                0x000001d1       0xae C:\Users\rosschisholm\Documents\Work\Sonar Launchpad\main\obj\glob_surfacemap.o
 .debug_pubnames
                0x0000027f       0x1b C:\Users\rosschisholm\Documents\Work\Sonar Launchpad\main\obj\main.o
 .debug_pubnames
                0x0000029a      0x230 C:\Users\rosschisholm\Documents\Work\Sonar Launchpad\main\obj\midi.o
 .debug_pubnames
                0x000004ca       0x2b C:\Users\rosschisholm\Documents\Work\Sonar Launchpad\main\obj\sonar.o
 .debug_pubnames
                0x000004f5       0x99 C:\Users\rosschisholm\Documents\Work\Sonar Launchpad\cortex\cx_fifo.o
 .debug_pubnames
                0x0000058e      0x10b C:\Users\rosschisholm\Documents\Work\Sonar Launchpad\cortex\cx_midi_parser.o
 .debug_pubnames
                0x00000699       0x74 C:\Users\rosschisholm\Documents\Work\Sonar Launchpad\cortex\cx_switch.o
 .debug_pubnames
                0x0000070d      0x193 C:\Users\rosschisholm\Documents\Work\Sonar Launchpad\cortex\cxm3_dual_boot.o
 .debug_pubnames
                0x000008a0       0x4a C:\Users\rosschisholm\Documents\Work\Sonar Launchpad\cortex\cxm3_flash.o
 .debug_pubnames
                0x000008ea      0x383 C:\Users\rosschisholm\Documents\Work\Sonar Launchpad\cortex\cxm3_usb.o
 .debug_pubnames
                0x00000c6d       0x44 C:\Users\rosschisholm\Documents\Work\Sonar Launchpad\main\obj\deviceid.o
 .debug_pubnames
                0x00000cb1       0xcf C:\Users\rosschisholm\Documents\Work\Sonar Launchpad\main\obj\vegas.o
 .debug_pubnames
                0x00000d80      0x409 C:\Users\rosschisholm\Documents\Work\Sonar Launchpad\main\obj\surface.o

.debug_pubtypes
                0x00000000      0x3a2
 .debug_pubtypes
                0x00000000       0x33 C:\Users\rosschisholm\Documents\Work\Sonar Launchpad\main\obj\glob_textscroll.o
 .debug_pubtypes
                0x00000033       0x1a C:\Users\rosschisholm\Documents\Work\Sonar Launchpad\main\obj\glob_font.o
 .debug_pubtypes
                0x0000004d       0x1b C:\Users\rosschisholm\Documents\Work\Sonar Launchpad\main\obj\glob_init.o
 .debug_pubtypes
                0x00000068       0x20 C:\Users\rosschisholm\Documents\Work\Sonar Launchpad\main\obj\glob_scrollmap.o
 .debug_pubtypes
                0x00000088       0x19 C:\Users\rosschisholm\Documents\Work\Sonar Launchpad\main\obj\glob_surfacemap.o
 .debug_pubtypes
                0x000000a1       0x21 C:\Users\rosschisholm\Documents\Work\Sonar Launchpad\main\obj\main.o
 .debug_pubtypes
                0x000000c2       0x91 C:\Users\rosschisholm\Documents\Work\Sonar Launchpad\main\obj\midi.o
 .debug_pubtypes
                0x00000153       0x23 C:\Users\rosschisholm\Documents\Work\Sonar Launchpad\main\obj\sonar.o
 .debug_pubtypes
                0x00000176       0x23 C:\Users\rosschisholm\Documents\Work\Sonar Launchpad\cortex\cx_fifo.o
 .debug_pubtypes
                0x00000199       0x80 C:\Users\rosschisholm\Documents\Work\Sonar Launchpad\cortex\cx_midi_parser.o
 .debug_pubtypes
                0x00000219       0x2a C:\Users\rosschisholm\Documents\Work\Sonar Launchpad\cortex\cx_switch.o
 .debug_pubtypes
                0x00000243       0x41 C:\Users\rosschisholm\Documents\Work\Sonar Launchpad\cortex\cxm3_dual_boot.o
 .debug_pubtypes
                0x00000284       0x34 C:\Users\rosschisholm\Documents\Work\Sonar Launchpad\cortex\cxm3_flash.o
 .debug_pubtypes
                0x000002b8       0x44 C:\Users\rosschisholm\Documents\Work\Sonar Launchpad\cortex\cxm3_usb.o
 .debug_pubtypes
                0x000002fc       0x21 C:\Users\rosschisholm\Documents\Work\Sonar Launchpad\main\obj\deviceid.o
 .debug_pubtypes
                0x0000031d       0x34 C:\Users\rosschisholm\Documents\Work\Sonar Launchpad\main\obj\vegas.o
 .debug_pubtypes
                0x00000351       0x51 C:\Users\rosschisholm\Documents\Work\Sonar Launchpad\main\obj\surface.o

.debug_aranges  0x00000000      0x5a0
 .debug_aranges
                0x00000000       0x40 C:\Users\rosschisholm\Documents\Work\Sonar Launchpad\main\obj\glob_textscroll.o
 .debug_aranges
                0x00000040       0x28 C:\Users\rosschisholm\Documents\Work\Sonar Launchpad\main\obj\glob_init.o
 .debug_aranges
                0x00000068       0x28 C:\Users\rosschisholm\Documents\Work\Sonar Launchpad\main\obj\glob_scrollmap.o
 .debug_aranges
                0x00000090       0x20 C:\Users\rosschisholm\Documents\Work\Sonar Launchpad\main\obj\main.o
 .debug_aranges
                0x000000b0       0xa8 C:\Users\rosschisholm\Documents\Work\Sonar Launchpad\main\obj\midi.o
 .debug_aranges
                0x00000158       0x20 C:\Users\rosschisholm\Documents\Work\Sonar Launchpad\main\obj\sonar.o
 .debug_aranges
                0x00000178       0x60 C:\Users\rosschisholm\Documents\Work\Sonar Launchpad\cortex\cx_fifo.o
 .debug_aranges
                0x000001d8       0x60 C:\Users\rosschisholm\Documents\Work\Sonar Launchpad\cortex\cx_midi_parser.o
 .debug_aranges
                0x00000238       0x40 C:\Users\rosschisholm\Documents\Work\Sonar Launchpad\cortex\cx_switch.o
 .debug_aranges
                0x00000278       0x98 C:\Users\rosschisholm\Documents\Work\Sonar Launchpad\cortex\cxm3_dual_boot.o
 .debug_aranges
                0x00000310       0x30 C:\Users\rosschisholm\Documents\Work\Sonar Launchpad\cortex\cxm3_flash.o
 .debug_aranges
                0x00000340      0x108 C:\Users\rosschisholm\Documents\Work\Sonar Launchpad\cortex\cxm3_usb.o
 .debug_aranges
                0x00000448       0x20 C:\Users\rosschisholm\Documents\Work\Sonar Launchpad\main\obj\deviceid.o
 .debug_aranges
                0x00000468       0x50 C:\Users\rosschisholm\Documents\Work\Sonar Launchpad\main\obj\vegas.o
 .debug_aranges
                0x000004b8       0xe8 C:\Users\rosschisholm\Documents\Work\Sonar Launchpad\main\obj\surface.o

.debug_ranges   0x00000000      0x4e8
 .debug_ranges  0x00000000       0x30 C:\Users\rosschisholm\Documents\Work\Sonar Launchpad\main\obj\glob_textscroll.o
 .debug_ranges  0x00000030       0x18 C:\Users\rosschisholm\Documents\Work\Sonar Launchpad\main\obj\glob_init.o
 .debug_ranges  0x00000048       0x18 C:\Users\rosschisholm\Documents\Work\Sonar Launchpad\main\obj\glob_scrollmap.o
 .debug_ranges  0x00000060       0x10 C:\Users\rosschisholm\Documents\Work\Sonar Launchpad\main\obj\main.o
 .debug_ranges  0x00000070       0xb0 C:\Users\rosschisholm\Documents\Work\Sonar Launchpad\main\obj\midi.o
 .debug_ranges  0x00000120       0x10 C:\Users\rosschisholm\Documents\Work\Sonar Launchpad\main\obj\sonar.o
 .debug_ranges  0x00000130       0x50 C:\Users\rosschisholm\Documents\Work\Sonar Launchpad\cortex\cx_fifo.o
 .debug_ranges  0x00000180       0x70 C:\Users\rosschisholm\Documents\Work\Sonar Launchpad\cortex\cx_midi_parser.o
 .debug_ranges  0x000001f0       0x30 C:\Users\rosschisholm\Documents\Work\Sonar Launchpad\cortex\cx_switch.o
 .debug_ranges  0x00000220       0x88 C:\Users\rosschisholm\Documents\Work\Sonar Launchpad\cortex\cxm3_dual_boot.o
 .debug_ranges  0x000002a8       0x20 C:\Users\rosschisholm\Documents\Work\Sonar Launchpad\cortex\cxm3_flash.o
 .debug_ranges  0x000002c8       0xf8 C:\Users\rosschisholm\Documents\Work\Sonar Launchpad\cortex\cxm3_usb.o
 .debug_ranges  0x000003c0       0x10 C:\Users\rosschisholm\Documents\Work\Sonar Launchpad\main\obj\deviceid.o
 .debug_ranges  0x000003d0       0x40 C:\Users\rosschisholm\Documents\Work\Sonar Launchpad\main\obj\vegas.o
 .debug_ranges  0x00000410       0xd8 C:\Users\rosschisholm\Documents\Work\Sonar Launchpad\main\obj\surface.o

.debug_str      0x00000000     0x168c
 .debug_str     0x00000000      0x216 C:\Users\rosschisholm\Documents\Work\Sonar Launchpad\main\obj\glob_textscroll.o
                                0x24a (size before relaxing)
 .debug_str     0x00000216       0x48 C:\Users\rosschisholm\Documents\Work\Sonar Launchpad\main\obj\glob_font.o
                                0x10b (size before relaxing)
 .debug_str     0x0000025e       0x6e C:\Users\rosschisholm\Documents\Work\Sonar Launchpad\main\obj\glob_init.o
                                0x101 (size before relaxing)
 .debug_str     0x000002cc       0xb6 C:\Users\rosschisholm\Documents\Work\Sonar Launchpad\main\obj\glob_scrollmap.o
                                0x162 (size before relaxing)
 .debug_str     0x00000382       0xc6 C:\Users\rosschisholm\Documents\Work\Sonar Launchpad\main\obj\glob_surfacemap.o
                                0x166 (size before relaxing)
 .debug_str     0x00000448       0x94 C:\Users\rosschisholm\Documents\Work\Sonar Launchpad\main\obj\main.o
                                0x156 (size before relaxing)
 .debug_str     0x000004dc      0x35d C:\Users\rosschisholm\Documents\Work\Sonar Launchpad\main\obj\midi.o
                                0x4b5 (size before relaxing)
 .debug_str     0x00000839       0x53 C:\Users\rosschisholm\Documents\Work\Sonar Launchpad\main\obj\sonar.o
                                0x12b (size before relaxing)
 .debug_str     0x0000088c       0xbe C:\Users\rosschisholm\Documents\Work\Sonar Launchpad\cortex\cx_fifo.o
                                0x14d (size before relaxing)
 .debug_str     0x0000094a      0x165 C:\Users\rosschisholm\Documents\Work\Sonar Launchpad\cortex\cx_midi_parser.o
                                0x2c0 (size before relaxing)
 .debug_str     0x00000aaf      0x11d C:\Users\rosschisholm\Documents\Work\Sonar Launchpad\cortex\cx_switch.o
                                0x192 (size before relaxing)
 .debug_str     0x00000bcc      0x1f6 C:\Users\rosschisholm\Documents\Work\Sonar Launchpad\cortex\cxm3_dual_boot.o
                                0x27e (size before relaxing)
 .debug_str     0x00000dc2       0x99 C:\Users\rosschisholm\Documents\Work\Sonar Launchpad\cortex\cxm3_flash.o
                                0x109 (size before relaxing)
 .debug_str     0x00000e5b      0x3cb C:\Users\rosschisholm\Documents\Work\Sonar Launchpad\cortex\cxm3_usb.o
                                0x4a1 (size before relaxing)
 .debug_str     0x00001226       0x6b C:\Users\rosschisholm\Documents\Work\Sonar Launchpad\main\obj\deviceid.o
                                0x13d (size before relaxing)
 .debug_str     0x00001291       0xed C:\Users\rosschisholm\Documents\Work\Sonar Launchpad\main\obj\vegas.o
                                0x1af (size before relaxing)
 .debug_str     0x0000137e      0x30e C:\Users\rosschisholm\Documents\Work\Sonar Launchpad\main\obj\surface.o
                                0x577 (size before relaxing)

.debug_frame    0x00000000      0xcd4
 .debug_frame   0x00000000       0x9c C:\Users\rosschisholm\Documents\Work\Sonar Launchpad\main\obj\glob_textscroll.o
 .debug_frame   0x0000009c       0x30 C:\Users\rosschisholm\Documents\Work\Sonar Launchpad\main\obj\glob_init.o
 .debug_frame   0x000000cc       0x3c C:\Users\rosschisholm\Documents\Work\Sonar Launchpad\main\obj\glob_scrollmap.o
 .debug_frame   0x00000108       0x2c C:\Users\rosschisholm\Documents\Work\Sonar Launchpad\main\obj\main.o
 .debug_frame   0x00000134      0x1c4 C:\Users\rosschisholm\Documents\Work\Sonar Launchpad\main\obj\midi.o
 .debug_frame   0x000002f8       0x30 C:\Users\rosschisholm\Documents\Work\Sonar Launchpad\main\obj\sonar.o
 .debug_frame   0x00000328       0xb4 C:\Users\rosschisholm\Documents\Work\Sonar Launchpad\cortex\cx_fifo.o
 .debug_frame   0x000003dc      0x104 C:\Users\rosschisholm\Documents\Work\Sonar Launchpad\cortex\cx_midi_parser.o
 .debug_frame   0x000004e0       0x74 C:\Users\rosschisholm\Documents\Work\Sonar Launchpad\cortex\cx_switch.o
 .debug_frame   0x00000554      0x15c C:\Users\rosschisholm\Documents\Work\Sonar Launchpad\cortex\cxm3_dual_boot.o
 .debug_frame   0x000006b0       0x40 C:\Users\rosschisholm\Documents\Work\Sonar Launchpad\cortex\cxm3_flash.o
 .debug_frame   0x000006f0      0x268 C:\Users\rosschisholm\Documents\Work\Sonar Launchpad\cortex\cxm3_usb.o
 .debug_frame   0x00000958       0x2c C:\Users\rosschisholm\Documents\Work\Sonar Launchpad\main\obj\deviceid.o
 .debug_frame   0x00000984       0xf0 C:\Users\rosschisholm\Documents\Work\Sonar Launchpad\main\obj\vegas.o
 .debug_frame   0x00000a74      0x260 C:\Users\rosschisholm\Documents\Work\Sonar Launchpad\main\obj\surface.o
